[0]: CREATE TABLE t1(PRIMARY KEY(id), id INTEGER, name VARCHAR(10) NOT NULL);
[1]: INSERT INTO t1 VALUES(1, 'foo');
[2]: INSERT INTO t1 VALUES(2, 'bar');