CREATE TABLE t1(c1 INTEGER, c2 DOUBLE, INDEX indx1 (c1) AS IN_MEMORY, c3 INTEGER)