INSERT INTO t1(x, y, z) VALUES(1, X'DEADBEEF', (3 * 10)), (2, 3.14, 1.000000e+06), (3, NULL, TRUE)