SELECT DISTINCT MAX(x), (y || y) AS yy FROM t WHERE ((z > 3.14) AND (NOT (w IS NULL))) OR (y LIKE 'f%') GROUP BY yy HAVING yy > 'z' ORDER BY yyo NULLS FIRST