org.cratedb.sql.parser.parser.AlterTableNode@7fe3f2e5
name: t1
statementType: ALTER TABLE
objectName: t1
compressTable: false
sequential: false
truncateTable: false
purge: false
defragment: false
truncateEndOfTable: false
updateStatistics: false
updateStatisticsAll: false
indexNameForUpdateStatistics: null
tableElementList: 	
	org.cratedb.sql.parser.parser.TableElementList@4e5fd9fb

	[0]:	
	org.cratedb.sql.parser.parser.ColumnDefinitionNode@76e015ef
	type: DOUBLE
	name: c
	elementType: null
	[1]:	
	org.cratedb.sql.parser.parser.ColumnDefinitionNode@7a5ad0f0
	type: BIGINT
	name: d
	elementType: null