org.cratedb.sql.parser.parser.AlterTableNode@60f4ffd8
name: t1
statementType: ALTER TABLE
objectName: t1
compressTable: false
sequential: false
truncateTable: false
purge: false
defragment: false
truncateEndOfTable: false
updateStatistics: false
updateStatisticsAll: false
indexNameForUpdateStatistics: null
tableElementList: 	
	org.cratedb.sql.parser.parser.TableElementList@74c8efa2

	[0]:	
	org.cratedb.sql.parser.parser.FKConstraintDefinitionNode@33ecb094
	refTable name : t2
	grouping: true
	constraintName: null
	constraintType: FOREIGN_KEY
	properties: null
	name: null
	elementType: AT_DROP_CONSTRAINT
	columnList: 		
		org.cratedb.sql.parser.parser.ResultColumnList@783cdf2d

		[0]:		
		org.cratedb.sql.parser.parser.ResultColumn@64604106
		exposedName: c1
		name: c1
		tableName: null
		isDefaultColumn: false
		type: null
		[1]:		
		org.cratedb.sql.parser.parser.ResultColumn@6b4d2465
		exposedName: c2
		name: c2
		tableName: null
		isDefaultColumn: false
		type: null