org.cratedb.sql.parser.parser.CloseStatementNode@6baa9f99
name: curs
statementType: CLOSE