org.cratedb.sql.parser.parser.DropSequenceNode@16bdb503
name: test.bad_sequence
statementType: DROP SEQUENCE bad_sequence
dropBehavior: 1
existenceCheck: NO_CONDITION