org.cratedb.sql.parser.parser.DropIndexNode@2b313906
name: schema1.table1
statementType: DROP INDEX
indexName: bad_index
existenceCheck: NO_CONDITION