org.cratedb.sql.parser.parser.DropIndexNode@4ac9131c
name: table1
statementType: DROP INDEX
indexName: bad_index
existenceCheck: IF_EXISTS