org.cratedb.sql.parser.parser.CursorNode@7f70888e
name: null
updateMode: UNSPECIFIED
statementType: SELECT
resultSet: 	
	org.cratedb.sql.parser.parser.SelectNode@351563ff
	isDistinct: false
	resultColumns: 		
		org.cratedb.sql.parser.parser.ResultColumnList@f581593

		[0]:		
		org.cratedb.sql.parser.parser.AllResultColumn@5ff06dc3
		tableName: null
		exposedName: null
		name: null
		tableName: null
		isDefaultColumn: false
		type: null
	fromList: 		
		org.cratedb.sql.parser.parser.FromList@21b64e6a

		[0]:		
		org.cratedb.sql.parser.parser.FromSubquery@47d62270
		correlation Name: s
		s
		subquery: 			
			org.cratedb.sql.parser.parser.SelectNode@3b6f0be8
			isDistinct: false
			resultColumns: 				
				org.cratedb.sql.parser.parser.ResultColumnList@7776cad3

				[0]:				
				org.cratedb.sql.parser.parser.ResultColumn@17fe1feb
				exposedName: z
				name: z
				tableName: null
				isDefaultColumn: false
				type: null
				expression: 					
					org.cratedb.sql.parser.parser.ColumnReference@2ce1899b
					columnName: z
					tableName: null
					type: null
				[1]:				
				org.cratedb.sql.parser.parser.ResultColumn@b113622
				exposedName: y
				name: y
				tableName: null
				isDefaultColumn: false
				type: null
				expression: 					
					org.cratedb.sql.parser.parser.ColumnReference@16f8f7db
					columnName: y
					tableName: null
					type: null
			fromList: 				
				org.cratedb.sql.parser.parser.FromList@335856a5

				[0]:				
				org.cratedb.sql.parser.parser.FromBaseTable@6ca084f8
				tableName: t1
				updateOrDelete: null
				null
				correlation Name: null
				null
